Warning: XGBoost not available. Install with: pip install xgboost

============================================================
RADAR ACTIVITY RECOGNITION PIPELINE
============================================================
============================================================
LOADING DATA AND EXTRACTING FEATURES
============================================================
Loading Approaching: 6 recordings
Loading Sitting: 6 recordings
Loading Splitting: 6 recordings
Loading Standing: 5 recordings
Loading Walking_togather: 5 recordings

Total samples loaded: 28
Label distribution: {'Approaching': 6, 'Sitting': 6, 'Splitting': 6, 'Standing': 5, 'Walking_togather': 5}

Extracting features...
Feature extraction:   0%|          | 0/28 [00:00<?, ?it/s]Feature extraction:  89%|████████▉ | 25/28 [00:00<00:00, 242.53it/s]Feature extraction: 100%|██████████| 28/28 [00:00<00:00, 240.55it/s]

Feature extraction complete!
Feature matrix shape: (28, 111)
Number of features: 111
Number of samples: 28
Warning: Found 71 NaN and 0 inf values. Replacing with 0.

Normalizing features...

Feature selection (mutual_info)...
Selecting top 50 features from 111

Top 20 most important features:
  doppler_median: 1.6010
  trajectory_tortuosity: 1.0959
  temporal_spatial_spread_mean: 0.8855
  range_min: 0.5308
  temporal_doppler_std: 0.5295
  points_per_frame_min: 0.5207
  temporal_spatial_spread_std: 0.5167
  x_kurtosis: 0.5153
  noise_mean: 0.4983
  doppler_abs_mean: 0.4951
  x_median: 0.4740
  doppler_skew: 0.4681
  range_max: 0.4673
  y_kurtosis: 0.4400
  doppler_energy: 0.4365
  points_per_frame: 0.4219
  doppler_rms: 0.4195
  doppler_zero_crossings: 0.4073
  snr_max: 0.3981
  snr_mean: 0.3831
Selected feature shape: (28, 50)

============================================================
TRAINING MODELS
============================================================

Random Forest:
----------------------------------------
/Users/amirus/Library/Python/3.9/lib/python/site-packages/sklearn/metrics/_classification.py:1565: UndefinedMetricWarning: Precision is ill-defined and being set to 0.0 in labels with no predicted samples. Use `zero_division` parameter to control this behavior.
  _warn_prf(average, modifier, f"{metric.capitalize()} is", len(result))
/Users/amirus/Library/Python/3.9/lib/python/site-packages/sklearn/metrics/_classification.py:1565: UndefinedMetricWarning: Precision is ill-defined and being set to 0.0 in labels with no predicted samples. Use `zero_division` parameter to control this behavior.
  _warn_prf(average, modifier, f"{metric.capitalize()} is", len(result))
/Users/amirus/Library/Python/3.9/lib/python/site-packages/sklearn/metrics/_classification.py:1565: UndefinedMetricWarning: Precision is ill-defined and being set to 0.0 in labels with no predicted samples. Use `zero_division` parameter to control this behavior.
  _warn_prf(average, modifier, f"{metric.capitalize()} is", len(result))
Cross-validation accuracy: 0.4933 (+/- 0.1781)
Overall accuracy: 0.5000
Weighted F1-score: 0.4872

Per-class metrics:
  Approaching:
    Precision: 0.5000
    Recall: 0.5000
    F1-score: 0.5000
  Sitting:
    Precision: 0.5000
    Recall: 0.5000
    F1-score: 0.5000
  Splitting:
    Precision: 0.2857
    Recall: 0.3333
    F1-score: 0.3077
  Standing:
    Precision: 0.8333
    Recall: 1.0000
    F1-score: 0.9091
  Walking_togather:
    Precision: 0.3333
    Recall: 0.2000
    F1-score: 0.2500
Training final Random Forest model on all data...
Model saved to models/random_forest_model.pkl

Extra Trees:
----------------------------------------
Cross-validation accuracy: 0.5733 (+/- 0.1420)
Overall accuracy: 0.5714
Weighted F1-score: 0.5617

Per-class metrics:
  Approaching:
    Precision: 0.5000
    Recall: 0.5000
    F1-score: 0.5000
  Sitting:
    Precision: 0.5000
    Recall: 0.5000
    F1-score: 0.5000
  Splitting:
    Precision: 0.4000
    Recall: 0.3333
    F1-score: 0.3636
  Standing:
    Precision: 0.8333
    Recall: 1.0000
    F1-score: 0.9091
  Walking_togather:
    Precision: 0.6000
    Recall: 0.6000
    F1-score: 0.6000
Training final Extra Trees model on all data...
Model saved to models/extra_trees_model.pkl

Gradient Boosting:
----------------------------------------
Cross-validation accuracy: 0.3200 (+/- 0.1939)
Overall accuracy: 0.3214
Weighted F1-score: 0.3241

Per-class metrics:
  Approaching:
    Precision: 0.5000
    Recall: 0.3333
    F1-score: 0.4000
  Sitting:
    Precision: 0.3000
    Recall: 0.5000
    F1-score: 0.3750
  Splitting:
    Precision: 0.2000
    Recall: 0.1667
    F1-score: 0.1818
  Standing:
    Precision: 0.7500
    Recall: 0.6000
    F1-score: 0.6667
  Walking_togather:
    Precision: 0.0000
    Recall: 0.0000
    F1-score: 0.0000
Training final Gradient Boosting model on all data...
Model saved to models/gradient_boosting_model.pkl

AdaBoost:
----------------------------------------
Cross-validation accuracy: 0.4200 (+/- 0.1572)
Overall accuracy: 0.4286
Weighted F1-score: 0.4212

Per-class metrics:
  Approaching:
    Precision: 0.5000
    Recall: 0.1667
    F1-score: 0.2500
  Sitting:
    Precision: 0.6000
    Recall: 0.5000
    F1-score: 0.5455
  Splitting:
    Precision: 0.2857
    Recall: 0.3333
    F1-score: 0.3077
  Standing:
    Precision: 0.6667
    Recall: 0.8000
    F1-score: 0.7273
  Walking_togather:
    Precision: 0.2500
    Recall: 0.4000
    F1-score: 0.3077
Training final AdaBoost model on all data...
Model saved to models/adaboost_model.pkl

SVM (RBF):
----------------------------------------
Cross-validation accuracy: 0.7200 (+/- 0.1240)
Overall accuracy: 0.7143
Weighted F1-score: 0.7070

Per-class metrics:
  Approaching:
    Precision: 0.7143
    Recall: 0.8333
    F1-score: 0.7692
  Sitting:
    Precision: 0.5000
    Recall: 0.5000
    F1-score: 0.5000
  Splitting:
    Precision: 1.0000
    Recall: 0.5000
    F1-score: 0.6667
  Standing:
    Precision: 0.8333
    Recall: 1.0000
    F1-score: 0.9091
  Walking_togather:
    Precision: 0.6667
    Recall: 0.8000
    F1-score: 0.7273
Training final SVM (RBF) model on all data...
Model saved to models/svm_(rbf)_model.pkl

SVM (Linear):
----------------------------------------
Cross-validation accuracy: 0.6800 (+/- 0.1240)
Overall accuracy: 0.6786
Weighted F1-score: 0.6700

Per-class metrics:
  Approaching:
    Precision: 0.7143
    Recall: 0.8333
    F1-score: 0.7692
  Sitting:
    Precision: 0.5000
    Recall: 0.5000
    F1-score: 0.5000
  Splitting:
    Precision: 0.7500
    Recall: 0.5000
    F1-score: 0.6000
  Standing:
    Precision: 0.8333
    Recall: 1.0000
    F1-score: 0.9091
  Walking_togather:
    Precision: 0.6000
    Recall: 0.6000
    F1-score: 0.6000
Training final SVM (Linear) model on all data...
Model saved to models/svm_(linear)_model.pkl

SVM (Poly):
----------------------------------------
Cross-validation accuracy: 0.1467 (+/- 0.0748)
Overall accuracy: 0.1429
Weighted F1-score: 0.1122

Per-class metrics:
  Approaching:
    Precision: 0.1000
    Recall: 0.1667
    F1-score: 0.1250
  Sitting:
    Precision: 0.1333
    Recall: 0.3333
    F1-score: 0.1905
  Splitting:
    Precision: 0.0000
    Recall: 0.0000
    F1-score: 0.0000
  Standing:
    Precision: 0.0000
    Recall: 0.0000
    F1-score: 0.0000
  Walking_togather:
    Precision: 0.3333
    Recall: 0.2000
    F1-score: 0.2500
Training final SVM (Poly) model on all data...
Model saved to models/svm_(poly)_model.pkl

K-Nearest Neighbors:
----------------------------------------
Cross-validation accuracy: 0.6067 (+/- 0.1218)
Overall accuracy: 0.6071
Weighted F1-score: 0.5874

Per-class metrics:
  Approaching:
    Precision: 0.7500
    Recall: 0.5000
    F1-score: 0.6000
  Sitting:
    Precision: 0.5000
    Recall: 0.5000
    F1-score: 0.5000
  Splitting:
    Precision: 0.6667
    Recall: 0.3333
    F1-score: 0.4444
  Standing:
    Precision: 0.6250
    Recall: 1.0000
    F1-score: 0.7692
  Walking_togather:
    Precision: 0.5714
    Recall: 0.8000
    F1-score: 0.6667
Training final K-Nearest Neighbors model on all data...
Model saved to models/k-nearest_neighbors_model.pkl

Logistic Regression:
----------------------------------------
Cross-validation accuracy: 0.6800 (+/- 0.1240)
Overall accuracy: 0.6786
Weighted F1-score: 0.6700

Per-class metrics:
  Approaching:
    Precision: 0.7143
    Recall: 0.8333
    F1-score: 0.7692
  Sitting:
    Precision: 0.5000
    Recall: 0.5000
    F1-score: 0.5000
  Splitting:
    Precision: 0.7500
    Recall: 0.5000
    F1-score: 0.6000
  Standing:
    Precision: 0.8333
    Recall: 1.0000
    F1-score: 0.9091
  Walking_togather:
    Precision: 0.6000
    Recall: 0.6000
    F1-score: 0.6000
Training final Logistic Regression model on all data...
Model saved to models/logistic_regression_model.pkl

Naive Bayes:
----------------------------------------
Cross-validation accuracy: 0.5867 (+/- 0.2688)
Overall accuracy: 0.5714
Weighted F1-score: 0.5876

Per-class metrics:
  Approaching:
    Precision: 0.3636
    Recall: 0.6667
    F1-score: 0.4706
  Sitting:
    Precision: 0.6000
    Recall: 0.5000
    F1-score: 0.5455
  Splitting:
    Precision: 0.6000
    Recall: 0.5000
    F1-score: 0.5455
  Standing:
    Precision: 1.0000
    Recall: 0.6000
    F1-score: 0.7500
  Walking_togather:
    Precision: 0.7500
    Recall: 0.6000
    F1-score: 0.6667
Training final Naive Bayes model on all data...
Model saved to models/naive_bayes_model.pkl

Decision Tree:
----------------------------------------
Cross-validation accuracy: 0.5000 (+/- 0.1229)
Overall accuracy: 0.5000
Weighted F1-score: 0.4878

Per-class metrics:
  Approaching:
    Precision: 0.5714
    Recall: 0.6667
    F1-score: 0.6154
  Sitting:
    Precision: 0.4444
    Recall: 0.6667
    F1-score: 0.5333
  Splitting:
    Precision: 0.4000
    Recall: 0.3333
    F1-score: 0.3636
  Standing:
    Precision: 0.7500
    Recall: 0.6000
    F1-score: 0.6667
  Walking_togather:
    Precision: 0.3333
    Recall: 0.2000
    F1-score: 0.2500
Training final Decision Tree model on all data...
Model saved to models/decision_tree_model.pkl

Generating confusion matrices...
Confusion matrices saved to results/confusion_matrices.png
Generating performance comparison plot...
Performance comparison saved to results/performance_comparison.png
Saving results...
Model comparison saved to results/model_comparison.csv

============================================================
PIPELINE COMPLETE!
============================================================

Results saved to: results/
Models saved to: models/
